Windows PowerShell
Copyright (C) Microsoft Corporation. All rights reserved.

Install the latest PowerShell for new features and improvements! https://aka.ms/PSWindows

PS C:\Users\rajesh> ssh root@192.168.144.206
root@192.168.144.206's password:
Last login: Wed Feb 14 14:45:19 2024 from master.demo.lab
[root@master ~]#
[root@master ~]#
[root@master ~]#
[root@master ~]#
[root@master ~]# iptables -L
Chain INPUT (policy ACCEPT)
target     prot opt source               destination

Chain FORWARD (policy ACCEPT)
target     prot opt source               destination

Chain OUTPUT (policy ACCEPT)
target     prot opt source               destination
[root@master ~]#
[root@master ~]#
[root@master ~]# #iptables Rule...
[root@master ~]#
[root@master ~]# iptables -help
iptables v1.4.21

Usage: iptables -[ACD] chain rule-specification [options]
       iptables -I chain [rulenum] rule-specification [options]
       iptables -R chain rulenum rule-specification [options]
       iptables -D chain rulenum [options]
       iptables -[LS] [chain [rulenum]] [options]
       iptables -[FZ] [chain] [options]
       iptables -[NX] chain
       iptables -E old-chain-name new-chain-name
       iptables -P chain target [options]
       iptables -h (print this help information)

Commands:
Either long or short options are allowed.
  --append  -A chain            Append to chain
  --check   -C chain            Check for the existence of a rule
  --delete  -D chain            Delete matching rule from chain
  --delete  -D chain rulenum
                                Delete rule rulenum (1 = first) from chain
  --insert  -I chain [rulenum]
                                Insert in chain as rulenum (default 1=first)
  --replace -R chain rulenum
                                Replace rule rulenum (1 = first) in chain
  --list    -L [chain [rulenum]]
                                List the rules in a chain or all chains
  --list-rules -S [chain [rulenum]]
                                Print the rules in a chain or all chains
  --flush   -F [chain]          Delete all rules in  chain or all chains
  --zero    -Z [chain [rulenum]]
                                Zero counters in chain or all chains
  --new     -N chain            Create a new user-defined chain
  --delete-chain
            -X [chain]          Delete a user-defined chain
  --policy  -P chain target
                                Change policy on chain to target
  --rename-chain
            -E old-chain new-chain
                                Change chain name, (moving any references)
Options:
    --ipv4      -4              Nothing (line is ignored by ip6tables-restore)
    --ipv6      -6              Error (line is ignored by iptables-restore)
[!] --protocol  -p proto        protocol: by number or name, eg. `tcp'
[!] --source    -s address[/mask][...]
                                source specification
[!] --destination -d address[/mask][...]
                                destination specification
[!] --in-interface -i input name[+]
                                network interface name ([+] for wildcard)
 --jump -j target
                                target for rule (may load target extension)
  --goto      -g chain
                              jump to chain with no return
  --match       -m match
                                extended match (may load extension)
  --numeric     -n              numeric output of addresses and ports
[!] --out-interface -o output name[+]
                                network interface name ([+] for wildcard)
  --table       -t table        table to manipulate (default: `filter')
  --verbose     -v              verbose mode
  --wait        -w [seconds]    maximum wait to acquire xtables lock before give up
  --wait-interval -W [usecs]    wait time to try to acquire xtables lock
                                default is 1 second
  --line-numbers                print line numbers when listing
  --exact       -x              expand numbers (display exact values)
[!] --fragment  -f              match second or further fragments only
  --modprobe=<command>          try to insert modules using this command
  --set-counters PKTS BYTES     set the counter during insert/append
[!] --version   -V              print package version.
[root@master ~]#




[root@master ~]#
[root@master ~]#
[root@master ~]# iptables -I FORWARD 1 -s 192.168.2.0/24 -m state --state NEW,ESTABLISHED,RELATED -j ACCEPT[root@master ~]#
[root@master ~]#
[root@master ~]# iptables -L
Chain INPUT (policy ACCEPT)
target     prot opt source               destination

Chain FORWARD (policy ACCEPT)
target     prot opt source               destination
ACCEPT     all  --  192.168.2.0/24       anywhere             state NEW,RELATED,ESTABLISHED

Chain OUTPUT (policy ACCEPT)
target     prot opt source               destination
[root@master ~]#
[root@master ~]#
[root@master ~]# iptables -t nat -A POSTROUTING -s 192.168.2.0/24 -o ens33 -j MASQUERADE
[root@master ~]#
[root@master ~]# iptables -t nat -L
Chain PREROUTING (policy ACCEPT)
target     prot opt source               destination

Chain INPUT (policy ACCEPT)
target     prot opt source               destination

Chain OUTPUT (policy ACCEPT)
target     prot opt source               destination

Chain POSTROUTING (policy ACCEPT)
target     prot opt source               destination
MASQUERADE  all  --  192.168.2.0/24       anywhere
[root@master ~]#
[root@master ~]#
[root@master ~]# iptables -L
Chain INPUT (policy ACCEPT)
target     prot opt source               destination

Chain FORWARD (policy ACCEPT)
target     prot opt source               destination
ACCEPT     all  --  192.168.2.0/24       anywhere             state NEW,RELATED,ESTABLISHED
ACCEPT     all  --  anywhere             anywhere             state NEW,RELATED,ESTABLISHED

Chain OUTPUT (policy ACCEPT)
target     prot opt source               destination
[root@master ~]#
[root@master ~]#
[root@master ~]# iptables -L
Chain INPUT (policy ACCEPT)
target     prot opt source               destination

Chain FORWARD (policy ACCEPT)
target     prot opt source               destination
ACCEPT     all  --  192.168.2.0/24       anywhere             state NEW,RELATED,ESTABLISHED
ACCEPT     all  --  anywhere             anywhere             state NEW,RELATED,ESTABLISHED

Chain OUTPUT (policy ACCEPT)
target     prot opt source               destination
[root@master ~]# iptables -t nat -L
Chain PREROUTING (policy ACCEPT)
target     prot opt source               destination

Chain INPUT (policy ACCEPT)
target     prot opt source               destination

Chain OUTPUT (policy ACCEPT)
target     prot opt source               destination

Chain POSTROUTING (policy ACCEPT)
target     prot opt source               destination
MASQUERADE  all  --  192.168.2.0/24       anywhere
[root@master ~]#
[root@master ~]#
[root@master ~]#
[root@master ~]# iptables-save > /etc/iptables/rules.v4
-bash: /etc/iptables/rules.v4: No such file or directory
[root@master ~]#
[root@master ~]# yum install iptables-persistent -y
Loaded plugins: fastestmirror
Loading mirror speeds from cached hostfile
epel/x86_64/metalink                                                                                                                                                                      | 6.4 kB  00:00:00
 * base: centos.mirror.net.in
 * epel: repo.extreme-ix.org
 * extras: centos.mirror.net.in
 * updates: centos.mirror.net.in
base                                                                                                                                                                                      | 3.6 kB  00:00:00
epel                                                                                                                                                                                      | 4.7 kB  00:00:00
extras                                                                                                                                                                                    | 2.9 kB  00:00:00
updates                                                                                                                                                                                   | 2.9 kB  00:00:00
xcat-core                                                                                                                                                                                 | 3.0 kB  00:00:00
xcat-dep                                                                                                                                                                                  | 2.9 kB  00:00:00
(1/2): epel/x86_64/updateinfo                                                                                                                                                             | 1.0 MB  00:00:02
(2/2): epel/x86_64/primary_db                                                                                                                                                             | 7.0 MB  00:00:05
No package iptables-persistent available.
Error: Nothing to do
[root@master ~]# iptables-save > /etc/sysconfig/iptables
[root@master ~]# iptables-save > /etc/sysconfig/iptables
[root@master ~]#
[root@master ~]#
[root@master ~]#
[root@master ~]# iptables -I INPUT 1 -p tcp --dport 22 -j ACCEPT
[root@master ~]#
[root@master ~]#
[root@master ~]# iptables -L
Chain INPUT (policy ACCEPT)
target     prot opt source               destination
ACCEPT     tcp  --  anywhere             anywhere             tcp dpt:ssh

Chain FORWARD (policy ACCEPT)
target     prot opt source               destination
ACCEPT     all  --  192.168.2.0/24       anywhere             state NEW,RELATED,ESTABLISHED
ACCEPT     all  --  anywhere             anywhere             state NEW,RELATED,ESTABLISHED

Chain OUTPUT (policy ACCEPT)
target     prot opt source               destination
[root@master ~]#
[root@master ~]# iptables-save > /etc/sysconfig/iptables
[root@master ~]#
[root@master ~]#
[root@master ~]# iptables -L
Chain INPUT (policy ACCEPT)
target     prot opt source               destination
ACCEPT     tcp  --  anywhere             anywhere             tcp dpt:ssh

Chain FORWARD (policy ACCEPT)
target     prot opt source               destination
ACCEPT     all  --  192.168.2.0/24       anywhere             state NEW,RELATED,ESTABLISHED
ACCEPT     all  --  anywhere             anywhere             state NEW,RELATED,ESTABLISHED

Chain OUTPUT (policy ACCEPT)
target     prot opt source               destination
[root@master ~]# iptables -t nat -L
Chain PREROUTING (policy ACCEPT)
target     prot opt source               destination

Chain INPUT (policy ACCEPT)
target     prot opt source               destination

Chain OUTPUT (policy ACCEPT)
target     prot opt source               destination

Chain POSTROUTING (policy ACCEPT)
target     prot opt source               destination
MASQUERADE  all  --  192.168.2.0/24       anywhere
[root@master ~]#
